2025-09-02 05:38:25,715 [INFO] === Test logging message ===
2025-09-02 05:38:25,715 [WARNING] This is a warning message
2025-09-02 05:38:25,716 [ERROR] This is an error message
